[pixel-template.blogspot.com/index.html]
[backblue.gif]
[fade.gif]
[index.html]
[pixel-template.blogspot.com/favicon.ico]
[pixel-template.blogspot.com/feeds/posts/default]
[pixel-template.blogspot.com/feeds/posts/default9522]
[maxcdn.bootstrapcdn.com/bootstrap/4.0.0-beta.2/css/bootstrap.min.css]
[1.bp.blogspot.com/-Lms0Sd1K2F0/WgSM4R0ZaJI/AAAAAAAAA9A/Vz5vMgsuUtosr96JpGJC1cUm1E1g1KG7wCK4BGAYYCw/s0/sayagata-400px.png]
[pixel-template.blogspot.com/owl.video.play.6.delayed]
[4.bp.blogspot.com/-w_OcVSzp_cM/WgxYE78QWHI/AAAAAAAABBY/GmK-TwZj1bM7KPAIaCLj-l4Tr7WhJOxkgCLcBGAs/s1600/clg.png]
[ajax.googleapis.com/ajax/libs/jquery/1.11.0/jquery.min.js]
[maxcdn.bootstrapcdn.com/font-awesome/4.7.0/css/font-awesome.min.css]
[code.ionicframework.com/ionicons/2.0.1/css/ionicons.min.css]
[pixel-template.blogspot.com/404.c.delayed]
[3.bp.blogspot.com/-kvAUC1l_MAk/WgVwZdbOWZI/AAAAAAAAA9w/gMbUmOXk4AM6KjtVNbKiAW1YP6Xw90GfQCK4BGAYYCw/s1600/pixel.png]
[pixel-template.blogspot.com/p/documentation.html]
[2.bp.blogspot.com/-MYa_e2xc3_Y/WgV3kYHsmGI/AAAAAAAAA-M/FWZXZ8oHizg1emaYhz1owih_0gIM2UvcQCLcBGAs/s1600/728 3.png]
[resources.blogblog.com/img/icon18_wrench_allbkg.png]
[pixel-template.blogspot.com/2017/11/arcitectures-are-ones-crafting-tommarow.html]
[4.bp.blogspot.com/-TDoUeEz_iGI/Wf8eItNC3aI/AAAAAAAAA6U/CM2Ztmr-czQOjoeivWCL60hGNfiRtNSPgCLcBGAs/s1600/pexels-photo-532571.jpeg]
[2.bp.blogspot.com/-SHgsjgJp8aQ/Wf8b3-nlCQI/AAAAAAAAA6I/98ms4TENP28T5y278xl1gKwsCtc91FW6ACLcBGAs/s1600/pexels-photo-425010.jpeg]
[pixel-template.blogspot.com/2017/11/everyone-wants-to-achieve-sky.html]
[1.bp.blogspot.com/-wLkZJZhQsTw/Wf8arTJ__CI/AAAAAAAAA50/RPexFTEyeswPy9hotXZg0-YDBQ2zZ6G_wCLcBGAs/s1600/pexels-photo-139205.jpeg]
[pixel-template.blogspot.com/2017/11/perfect-view-makes-everyday-beautiful.html]
[pixel-template.blogspot.com/2017/11/modelling-is-new-way.html]
[2.bp.blogspot.com/-luHQfDsa1QQ/Wf8ZLhv-vNI/AAAAAAAAA5o/appzfnDkR8ghNwBkZQd2gDwfhH-CmYTQgCLcBGAs/s1600/pexels-photo-413841.jpeg]
[2.bp.blogspot.com/-QdZ7gDSaFd8/Wf8WMUOOUII/AAAAAAAAA5c/WZmh2g7FBvYOn5wyYc_COrq7Wq9QjVHVgCLcBGAs/s1600/pexels-photo-243090.jpeg]
[pixel-template.blogspot.com/2017/11/theres-magic-in-everyday.html]
[2.bp.blogspot.com/-ju27N_kTne4/Wf8TPjxVLEI/AAAAAAAAA5Q/6--a3S1dXhsroSrEis2oGYreMnmxRvXPwCLcBGAs/s1600/pexels-photo-443416.jpeg]
[pixel-template.blogspot.com/2017/11/if-you-are-dedicated-sky-is-limit.html]
[1.bp.blogspot.com/-QDcAyiJ1ygA/Wf8RQ8Nj-OI/AAAAAAAAA5E/pxfAsm1GPyshRKulxZqTDoqloPrjDJ8NACLcBGAs/s1600/pexels-photo-458555.jpeg]
[pixel-template.blogspot.com/2017/11/there-is-always-way.html]
[2.bp.blogspot.com/-NVxIuVUclr4/WgV5GuACJbI/AAAAAAAAA-Y/_2F3SjGqgwgPWvdAEId87UN8DpH1_QNGACLcBGAs/s1600/3200250.png]
[pixel-template.blogspot.com/search2685.html]
[apis.google.com/js/plusone.js]
[pagead2.googlesyndication.com/pagead/js/f.txt]
[2.bp.blogspot.com/-SHgsjgJp8aQ/Wf8b3-nlCQI/AAAAAAAAA6I/98ms4TENP28T5y278xl1gKwsCtc91FW6ACLcBGAs/s72-c/pexels-photo-425010.jpeg]
[2.bp.blogspot.com/-bevgFjjCS-A/Wf8QFKETXvI/AAAAAAAAA44/5M6_nw-QnOMDrVTocETug06M4WXAbtjvQCLcBGAs/s72-c/pexels-photo-220570-min.jpeg]
[pixel-template.blogspot.com/2017/11/time-is-best-until-you-own-it.html]
[4.bp.blogspot.com/-TDoUeEz_iGI/Wf8eItNC3aI/AAAAAAAAA6U/CM2Ztmr-czQOjoeivWCL60hGNfiRtNSPgCLcBGAs/s72-c/pexels-photo-532571.jpeg]
[pixel-template.blogspot.com/2017/11/index.html]
[pixel-template.blogspot.com/search/label/building.html]
[pixel-template.blogspot.com/search/label/Mega Menu.html]
[pixel-template.blogspot.com/search/label/mountain.html]
[lh5.googleusercontent.com/-ZndiB2rO68o/AAAAAAAAAAI/AAAAAAAAGO4/Y8oZI_To4E8/s80-c/photo.jpg]
[www.google.com/images/icons/ui/gprofile_button-16.png]
[3.bp.blogspot.com/-Yw8BIuvwoSQ/VsjkCIMoltI/AAAAAAAAC4c/s55PW6xEKn0/s1600-r/nth.png]
[pixel-template.blogspot.com/search/label/travel.html]
[pixel-template.blogspot.com/default.2f.delayed]
[pixel-template.blogspot.com/maxresdefault.30.delayed]
[4.bp.blogspot.com/-wPwjv7-YYGY/Wc98wlDT8qI/AAAAAAAAAEE/mH8YkPl8qJAH9FMuFKcShQvXXYMmVyrIgCLcBGAs/s1600/notfound.png]
[pixel-template.blogspot.com/hqdefault.32.delayed]
[pixel-template.blogspot.com/mqdefault.33.delayed]
[img1.blogblog.com/img/blank.gif]
[img1.blogblog.com/img/anon36.png]
[img2.blogblog.com/img/b16-rounded.gif]
[connect.facebook.net/en_US/sdk.js]
[connect.facebook.net/en_GB/sdk.js]
[www.google.com/js/bg/tZEQwjQE7lPHnO9yb9qyfMum0_9SrESEPVKjmEkZyS0.js]
[pixel-template.blogspot.com/vi/index.html]
[pixel-template.blogspot.com/search/label/index.html]
[pixel-template.blogspot.com/b/csi85d2.js]
[www.blogger.com/static/v1/widgets/1109080293-widgets.js]
[pixel-template.blogspot.com/index.html]
[www.blogger.com/img/widgets/stats-flipper.png]
[resources.blogblog.com/img/widgets/s_top.png]
[www.blogger.com/static/v1/widgets/2437439463-css_bundle_v2.css]
[maxcdn.bootstrapcdn.com/bootstrap/4.0.0-beta.2/css/bootstrap.min.css]
[pixel-template.blogspot.com/owl.video.play.html]
[maxcdn.bootstrapcdn.com/font-awesome/4.7.0/css/font-awesome.min.css]
[code.ionicframework.com/ionicons/2.0.1/css/ionicons.min.css]
[www.blogger.com/dyn-css/authorization3bda.css]
[pixel-template.blogspot.com/404.html]
[pixel-template.blogspot.com/[Mega Menu].html]
[pixel-template.blogspot.com/p/owl.video.play.3e.delayed]
[1.bp.blogspot.com/-U51zXKVaxy8/WgaLzptaDuI/AAAAAAAAA_A/YGC3DkDQMzISrqq4YUri2ojOqA5_p6uEgCLcBGAs/s1600/Screen Shot 2017-11-10 at 22.50.30-min.png]
[3.bp.blogspot.com/-fPVO2wmYRV4/WgaL340EgiI/AAAAAAAAA_o/NFWMbN7S5woWMrLUhHXay5QY-9rh7Kk6gCLcBGAs/s1600/upload1-min.png]
[4.bp.blogspot.com/-Q-XFO_LT9cs/WgaL4TY9zsI/AAAAAAAAA_s/UwTV_fQBjpczwJE8-bl1yhpas2lREn2mwCLcBGAs/s1600/upload2-min.png]
[4.bp.blogspot.com/-JniXiVLp2SY/WgaL5E23WZI/AAAAAAAAA_w/Gup4Bd5E17A2EBUty1XLM_bVj22DSop6QCLcBGAs/s1600/upload3-min.png]
[1.bp.blogspot.com/-v1-ADHiLy0k/WgaL12j7O0I/AAAAAAAAA_Q/jOe8VcaXKx8Ni20p0Lg0k1eYpe696yKdACLcBGAs/s1600/logo1-min.png]
[2.bp.blogspot.com/-IRXpKxvyZTY/WgaL2XxKdVI/AAAAAAAAA_U/PFre0RoJJO4XV1nKKZEddl824ThZ9ovXwCLcBGAs/s1600/logo2-min.png]
[1.bp.blogspot.com/-2JgEX7LYU2A/WgaL3HIN7ZI/AAAAAAAAA_g/qeAUEWoCFF4Q2Lg10jidEoX62jLQZg89ACLcBGAs/s1600/tnav1-min.png]
[3.bp.blogspot.com/-RSBqtF3LagU/WdER9sz-FbI/AAAAAAAAAlY/Os9tT-puf3IWmaKfi2-icjztH7ZUAjJAQCLcBGAs/s1600/topmen2.png]
[3.bp.blogspot.com/-zoht13gdVw8/WgaL26iL1bI/AAAAAAAAA_c/f3OV86NSs44H0HliLWWaZOM-nFmHocyrwCLcBGAs/s1600/social1-min.png]
[4.bp.blogspot.com/-K1V6sMLcxnE/WdEV4WJFFZI/AAAAAAAAAlo/qn4wvH9XF0EyFANZyL8pPVex4qMuRzW2QCLcBGAs/s1600/sociallink2.png]
[2.bp.blogspot.com/-Q2mFDg9c58o/WgaUQJhvI7I/AAAAAAAABAA/y1CJix79NQEnSQHpfAFJvoMhD5nAQuC1wCLcBGAs/s1600/main nav.png]
[4.bp.blogspot.com/-rgW-IowVQIs/WdEYo9DpFcI/AAAAAAAAAl4/NL5KqbWGM0ACbG2OXdU6m1iriBYkTZ_SACLcBGAs/s1600/navigation 2.png]
[4.bp.blogspot.com/-YYNSX0-Qglw/WeXcG13Rj2I/AAAAAAAAAvM/M-PaPm9YbIExLk1ojhl9aR_MXp0kmooMgCLcBGAs/s1600/nav2.png]
[2.bp.blogspot.com/-9BYJW-u6TF8/WgaL1N0eRvI/AAAAAAAAA_M/iDrkuIPLgCMMIfZWpr8lbQVUC_hZhhTOACLcBGAs/s1600/list widget-min.png]
[4.bp.blogspot.com/-6FVcxyuOemo/WgaL1Jk28qI/AAAAAAAAA_I/_v4B1UR_2oM1_y88LThp03OJJTA89ts6gCLcBGAs/s1600/gallery widget-min.png]
[4.bp.blogspot.com/-zvxcDhNpBZ8/WgaL2jibCcI/AAAAAAAAA_Y/nGEzrYWtn2wISIigJ43LrSmtvKZKZ66_wCLcBGAs/s1600/recent-min.png]
[4.bp.blogspot.com/--qcqPF7Lqq8/WgaYiSsJEQI/AAAAAAAABAM/z4F0k6tLQnAOapgl3-uuLEiJWcKuDUS-gCLcBGAs/s1600/tagplugin.png]
[2.bp.blogspot.com/-WG3cCuqoXgo/WgaLzdB6odI/AAAAAAAAA-8/drYgr-QTYUcYqUGe-GxCcEau6xUC-dp7wCLcBGAs/s1600/comment widget-min.png]
[2.bp.blogspot.com/-EpKc8Lx4c_4/WgaLzPv1FPI/AAAAAAAAA-4/Q9CkwhcL6Q4z2H8zk-hvv6ezoa1S1tLlACLcBGAs/s1600/author social-min.png]
[3.bp.blogspot.com/-ni-nU5UvX1s/WdErbG0J0DI/AAAAAAAAAnU/3toAhTzDzX0b0lwR8P8OqIQXvZRDVHNDwCLcBGAs/s1600/iconse.png]
[4.bp.blogspot.com/-ST04L4JykXg/WdEqno4vggI/AAAAAAAAAnE/MkPNO1egaioh91tCwnlCxFVpa2zbPgbCACLcBGAs/s1600/fa.png]
[4.bp.blogspot.com/-dxds_PlOdK8/WdEqs2RSsHI/AAAAAAAAAnI/lLWa_LJmwgQ8_MfGseBpp71GahfrvWWywCLcBGAs/s1600/author link3.png]
[3.bp.blogspot.com/-S2DBHG9gz2k/WgaL0l8gy1I/AAAAAAAAA_E/yHL_CWGcaMk0mU5OWXt-g-Xmjmsxgpk-wCLcBGAs/s1600/customize-min.png]
[lh5.googleusercontent.com/-ZndiB2rO68o/AAAAAAAAAAI/AAAAAAAAGO4/Y8oZI_To4E8/s512-c/photo.jpg]
[www.blogblog.com/dynamicviews/4224c15c4e7c9321/js/comments.js]
[lh6.googleusercontent.com/-CAlrmXSFIg0/AAAAAAAAAAI/AAAAAAAAM-c/ygoECj6EPbk/s35-c/photo.jpg]
[pixel-template.blogspot.com/p/documentationcafb.html]
[3.bp.blogspot.com/-m9-VKmhwG0o/WiNhcygybKI/AAAAAAAAC_g/tsGvwd74Y0wblJKPW7mCT_9y719DTbH9QCK4BGAYYCw/s35/stefano7.png]
[pixel-template.blogspot.com/p/documentation3fe0.html]
[pixel-template.blogspot.com/p/documentation2dc0.html]
[pixel-template.blogspot.com/p/documentation62f0.html]
[pixel-template.blogspot.com/p/documentatione682.html]
[lh4.googleusercontent.com/-RLkh-1r2idM/AAAAAAAAAAI/AAAAAAAAC4g/hdY5w2tt9-w/s35-c/photo.jpg]
[pixel-template.blogspot.com/p/documentatione479.html]
[lh6.googleusercontent.com/-P_vnlb-CT70/AAAAAAAAAAI/AAAAAAAAAJk/SPnokqrdZ_E/s35-c/photo.jpg]
[pixel-template.blogspot.com/p/documentation4836.html]
[www.blogger.com/static/v1/jsbin/2567313873-comment_from_post_iframe.js]
[pixel-template.blogspot.com/p/documentation041c.html]
[pixel-template.blogspot.com/p/hqdefault.66.delayed]
[pixel-template.blogspot.com/p/default.67.delayed]
[pixel-template.blogspot.com/p/documentation.html]
[pixel-template.blogspot.com/feeds/8267766956488373771/comments/default]
[pixel-template.blogspot.com/2017/11/owl.video.play.69.delayed]
[lh6.googleusercontent.com/-2cjGp-vVaBg/AAAAAAAAAAI/AAAAAAAAAfM/k1PN337q7h8/s35-c/photo.jpg]
[pixel-template.blogspot.com/2017/11/arcitectures-are-ones-crafting-tommarow7a81.html]
[pixel-template.blogspot.com/2017/11/arcitectures-are-ones-crafting-tommarow6020.html]
[lh5.googleusercontent.com/-e0zCQ3i89a0/AAAAAAAAAAI/AAAAAAAAAZw/fabYkB4bhz4/s35-c/photo.jpg]
[pixel-template.blogspot.com/2017/11/arcitectures-are-ones-crafting-tommarowed25.html]
[pixel-template.blogspot.com/2017/11/arcitectures-are-ones-crafting-tommarow12f5.html]
[pixel-template.blogspot.com/2017/11/hqdefault.71.delayed]
[pixel-template.blogspot.com/2017/11/default.72.delayed]
[pixel-template.blogspot.com/2017/11/arcitectures-are-ones-crafting-tommarow.html]
[pixel-template.blogspot.com/feeds/3771306845558629443/comments/default]
[pixel-template.blogspot.com/2017/11/everyone-wants-to-achieve-sky7610.html]
[lh6.googleusercontent.com/-OT-zNDMi7NQ/AAAAAAAAAAI/AAAAAAAAFlo/MphxF7_tJrE/s35-c/photo.jpg]
[pixel-template.blogspot.com/2017/11/everyone-wants-to-achieve-sky416e.html]
[lh4.googleusercontent.com/-VQr0K-cTaIg/AAAAAAAAAAI/AAAAAAAAAHg/2ToLbxkqoj4/s35-c/photo.jpg]
[pixel-template.blogspot.com/2017/11/everyone-wants-to-achieve-sky9b1c.html]
[pixel-template.blogspot.com/2017/11/everyone-wants-to-achieve-sky8f72.html]
[lh6.googleusercontent.com/-btBv9SoSmqM/AAAAAAAAAAI/AAAAAAAAABM/dDi0rx2SIT4/s35-c/photo.jpg]
[pixel-template.blogspot.com/2017/11/everyone-wants-to-achieve-sky45fa.html]
[pixel-template.blogspot.com/2017/11/everyone-wants-to-achieve-sky818f.html]
[lh3.googleusercontent.com/-F8rtFh4yla0/AAAAAAAAAAI/AAAAAAAAADM/bTHtaMoFlLc/s35-c/photo.jpg]
[pixel-template.blogspot.com/2017/11/everyone-wants-to-achieve-sky8e12.html]
[2.bp.blogspot.com/-KgDI8J2ESp8/VuPYlyZpR6I/AAAAAAAAEDE/AljcQcveu0k3WjWnKQ7YA8pHTnMjZ4O2A/s35/12615664_949240641790137_7265618241671214863_o.jpg]
[pixel-template.blogspot.com/2017/11/everyone-wants-to-achieve-sky8844.html]
[pixel-template.blogspot.com/2017/11/everyone-wants-to-achieve-skybee7.html]
[lh6.googleusercontent.com/-kLKH3S1907M/AAAAAAAAAAI/AAAAAAAAI3s/HRNtCVrpdmk/s35-c/photo.jpg]
[pixel-template.blogspot.com/2017/11/everyone-wants-to-achieve-sky2235.html]
[2.bp.blogspot.com/-HOsfAg9kWoI/WLHEgkoQ6fI/AAAAAAAAADM/GQG9-V4Vllsei5rF_5uCYEL_EhEL-av3gCK4B/s35/11.jpg]
[pixel-template.blogspot.com/2017/11/everyone-wants-to-achieve-skycdcd.html]
[lh5.googleusercontent.com/-RrvuVgzDETk/AAAAAAAAAAI/AAAAAAAAAJE/eblTliWxtnA/s35-c/photo.jpg]
[pixel-template.blogspot.com/2017/11/everyone-wants-to-achieve-skye412.html]
[lh3.googleusercontent.com/-Qs5a0WTbJXM/AAAAAAAAAAI/AAAAAAAAAyI/wOyVZilxYEo/s35-c/photo.jpg]
[pixel-template.blogspot.com/2017/11/everyone-wants-to-achieve-sky2a4c.html]
[lh5.googleusercontent.com/-k2NBfoXFERE/AAAAAAAAAAI/AAAAAAAABrA/DoNT1D0UyXs/s35-c/photo.jpg]
[pixel-template.blogspot.com/2017/11/everyone-wants-to-achieve-sky9850.html]
[3.bp.blogspot.com/-YFQQIWC7cDc/Wx4Z8uOQbOI/AAAAAAAAAPY/kAgd1SmxPuIY2JO2N7hRtVCG9GgZq_ebgCK4BGAYYCw/s35/PicsArt_05-11-12.53.21.png]
[pixel-template.blogspot.com/2017/11/everyone-wants-to-achieve-sky4a0e.html]
[pixel-template.blogspot.com/2017/11/everyone-wants-to-achieve-skycb76.html]
[lh6.googleusercontent.com/-hB6NXBnu2lI/AAAAAAAAAAI/AAAAAAAAACQ/qAtnAsUIiY0/s35-c/photo.jpg]
[pixel-template.blogspot.com/2017/11/everyone-wants-to-achieve-sky186a.html]
[pixel-template.blogspot.com/2017/11/everyone-wants-to-achieve-sky.html]
[pixel-template.blogspot.com/2017/11/everyone-wants-to-achieve-skya0a2.html]
[pixel-template.blogspot.com/feeds/3606486179324247851/comments/default]
[pixel-template.blogspot.com/2017/11/perfect-view-makes-everyday-beautifulbae2.html]
[pixel-template.blogspot.com/2017/11/perfect-view-makes-everyday-beautiful6a29.html]
[pixel-template.blogspot.com/2017/11/perfect-view-makes-everyday-beautifulb275.html]
[pixel-template.blogspot.com/2017/11/perfect-view-makes-everyday-beautiful.html]
[pixel-template.blogspot.com/2017/11/perfect-view-makes-everyday-beautiful8f2f.html]
[pixel-template.blogspot.com/feeds/8361006251863560597/comments/default]
[lh5.googleusercontent.com/-zNiL927dmuE/AAAAAAAAAAI/AAAAAAAAAFc/vI2sBa6ztA0/s35-c/photo.jpg]
[lh3.googleusercontent.com/-4noPTIXl2wY/AAAAAAAAAAI/AAAAAAAAAcE/YPi6gD6eCNw/s35-c/photo.png]
[pixel-template.blogspot.com/2017/11/modelling-is-new-way8b2f.html]
[lh3.googleusercontent.com/-qPL3MdRXBJo/AAAAAAAAAAI/AAAAAAAABj0/D1GjWU36XkA/s35-c/photo.jpg]
[pixel-template.blogspot.com/2017/11/modelling-is-new-wayd2ff.html]
[pixel-template.blogspot.com/2017/11/modelling-is-new-way.html]
[pixel-template.blogspot.com/2017/11/modelling-is-new-way8d05.html]
[pixel-template.blogspot.com/feeds/56321489862569458/comments/default]
[pixel-template.blogspot.com/2017/11/theres-magic-in-everyday.html]
[pixel-template.blogspot.com/feeds/6446057668045916363/comments/default]
[1.bp.blogspot.com/-W3u7fNPuZHo/WPxbEi9MCFI/AAAAAAAAAFI/LfGJsBDu6ao_sJmGRLtYGeTybITalic3QCK4B/s35/images.jpg]
[lh5.googleusercontent.com/-2v7ArLajNo8/AAAAAAAAAAI/AAAAAAAAzS4/ttDV1xUunUs/s35-c/photo.jpg]
[pixel-template.blogspot.com/2017/11/if-you-are-dedicated-sky-is-limit34da.html]
[pixel-template.blogspot.com/2017/11/if-you-are-dedicated-sky-is-limit.html]
[pixel-template.blogspot.com/2017/11/if-you-are-dedicated-sky-is-limit949b.html]
[pixel-template.blogspot.com/feeds/7319492726597105064/comments/default]
[pixel-template.blogspot.com/2017/11/there-is-always-way.html]
[2.bp.blogspot.com/-bevgFjjCS-A/Wf8QFKETXvI/AAAAAAAAA44/5M6_nw-QnOMDrVTocETug06M4WXAbtjvQCLcBGAs/s1600/pexels-photo-220570-min.jpeg]
[2.bp.blogspot.com/-d8AbwxbCvWc/Wf8KvQOOySI/AAAAAAAAA4o/k5CAfA0vCq8zBYjfqqmgay3uz5dbqXN6ACLcBGAs/s1600/pexels-photo-633276-min.jpeg]
[pixel-template.blogspot.com/2017/11/mountains-are-always-best-they-stand.html]
[pixel-template.blogspot.com/2017/11/travelling-with-friends-is-real-pleasure.html]
[1.bp.blogspot.com/-piIoqPj4P4c/Wf8Juo1YTaI/AAAAAAAAA4c/fsiXAafwXckqOMy2XC_soc-lX0JVnwmVACLcBGAs/s1600/pexels-photo-541520-min-min.jpeg]
[pixel-template.blogspot.com/2017/11/cities-arer-dream-towards-latest.html]
[2.bp.blogspot.com/-n3LMMdF0BIs/Wf7q1r9Nd4I/AAAAAAAAA4M/_h8fWnfxr_g0JGbOqubaovEBRqK1P7AjwCLcBGAs/s1600/pexels-photo-242133-min.jpeg]
[2.bp.blogspot.com/-O_XLSdA0oEw/Wf7nhuEZH4I/AAAAAAAAA4A/lo6AWNPoBo8foZOGfVqmV1_T7ZeqnzHOwCLcBGAs/s1600/pexels-photo-220423.jpeg]
[pixel-template.blogspot.com/2017/11/flowers-and-beauty-all-lies-together.html]
[4.bp.blogspot.com/-uQOoxvyhbIA/Wf7mM7DRqBI/AAAAAAAAA30/WbewgCBASFcsQN78kq6FAJLjoNoF2pqFQCLcBGAs/s1600/pexels-photo-601319.jpeg]
[pixel-template.blogspot.com/2017/11/life-is-ment-to-try-something-new.html]
[3.bp.blogspot.com/-qoWrxTxAY5Y/Wf7kRk_g6JI/AAAAAAAAA3g/Bbx2K6MYFWIJOpZr_RnAG0q_QZKK1OjFQCLcBGAs/s1600/pexels-photo-206395.jpeg]
[pixel-template.blogspot.com/2017/11/happiness-is-everywhere-just-change-look.html]
[pixel-template.blogspot.com/search2685.html]
[pixel-template.blogspot.com/search794e.html]
[pixel-template.blogspot.com/feeds/3871496230432943695/comments/default]
[lh3.googleusercontent.com/-u6v80wdyZnU/AAAAAAAAAAI/AAAAAAAAAp4/kB4i9fhHPUo/s35-c/photo.png]
[pixel-template.blogspot.com/2017/11/time-is-best-until-you-own-itba2b.html]
[pixel-template.blogspot.com/2017/11/time-is-best-until-you-own-it0a59.html]
[pixel-template.blogspot.com/2017/11/time-is-best-until-you-own-it.html]
[pixel-template.blogspot.com/2017/11/time-is-best-until-you-own-it5752.html]
[pixel-template.blogspot.com/2017/11/job-fills-pockets-adventure-fills-soul.html]
[4.bp.blogspot.com/-wleEdkvOU5A/Wf7h03BlqLI/AAAAAAAAA3U/NnuE8PMD3NYzBTo0OAG_T56zSUE00NhgwCLcBGAs/s1600/pexels-photo-416676.jpeg]
[3.bp.blogspot.com/-Qab2yjBai6o/Wf7fM5w8JzI/AAAAAAAAA3I/jyBAa-hcdhY3kZEPWSIkaZx8SSslVbjZgCLcBGAs/s1600/pexels-photo-300849.jpeg]
[pixel-template.blogspot.com/2017/11/frozen-world-makes-it-silent.html]
[pixel-template.blogspot.com/2017/11/sky-is-best-place-to-dream.html]
[4.bp.blogspot.com/-5Dy-m0F2ip4/Wf7aU1qktEI/AAAAAAAAA24/9EOZyIylwBchoNWPLFytz8bvPVjdc53lgCLcBGAs/s1600/person-mountain-hiker-hiking.jpg]
[pixel-template.blogspot.com/2017/11/sea-and-beauty-word.html]
[4.bp.blogspot.com/-5_g8icZbw8M/Wf7X1UCSqNI/AAAAAAAAA2s/90hIoxjqp6sRVa9F1UaFKPjTY5KcPQXNACLcBGAs/s1600/gallery4.jpg]
[3.bp.blogspot.com/-u2L4yAWBCiA/Wf7W8HARMVI/AAAAAAAAA2k/js2_ZDtJ0pU9NIVWEgyZ0InBikSx6UbowCLcBGAs/s1600/23161624_144111916230678_1781104666860322816_n.jpg]
[pixel-template.blogspot.com/2017/11/bigining-of-tour-is-always-awesome.html]
[pixel-template.blogspot.com/2017/11/japan-is-awesome-country-to-travel.html]
[4.bp.blogspot.com/-0idnLYOVTDQ/Wf7UzchmFMI/AAAAAAAAA2Y/42scLI1VwhUcs5frjiRkQv_gX1oPyNi8wCLcBGAs/s1600/23160929_183691862190329_4083557624027545600_n.jpg]
[pixel-template.blogspot.com/2017/11/the-miracle-like-never-before.html]
[4.bp.blogspot.com/-DEFINEBNIAs/Wf7UNg8VPcI/AAAAAAAAA2Q/JoOM6dVJyxoipZPAxy6PjC5NZcEIgIQ0ACLcBGAs/s1600/epb2258c-2048-jpg-c746.jpg]
[pixel-template.blogspot.com/2017/11/it-is-still-standing-firm.html]
[2.bp.blogspot.com/-voBKDR-IhIw/Wf7Sjmk9XhI/AAAAAAAAA2E/rFlgoroQS60RIlxcF9OddHQWFQTwN2pcgCLcBGAs/s1600/23160866_117946912309041_652288533058289664_n.jpg]
[4.bp.blogspot.com/-b1CC3rC0yyE/Wf7RZdZOiHI/AAAAAAAAA14/xkqhOJLYo10uuMmWnOfNhSeZOPfd02t2QCLcBGAs/s1600/gallery9.jpg]
[pixel-template.blogspot.com/2017/11/index.html]
[pixel-template.blogspot.com/2017/11/mountains-are-way-standing-firm.html]
[pixel-template.blogspot.com/search/label/owl.video.play.html]
[pixel-template.blogspot.com/search/label/building202e.html]
[pixel-template.blogspot.com/search/label/hqdefault.html]
[pixel-template.blogspot.com/search/label/building.html]
[pixel-template.blogspot.com/search/label/default.html]
[pixel-template.blogspot.com/search/label/Mega Menu.html]
[pixel-template.blogspot.com/search/label/mountain.html]
[pixel-template.blogspot.com/search/label/travel.html]
[pixel-template.blogspot.com/default.html]
[pixel-template.blogspot.com/maxresdefault.html]
[pixel-template.blogspot.com/hqdefault.html]
[pixel-template.blogspot.com/mqdefault.html]
[pixel-template.blogspot.com/search/label/Mega Menuf81a.html]
[pixel-template.blogspot.com/search.html]
[pixel-template.blogspot.com/search/label/index.html]
[pixel-template.blogspot.com/searchf81a.html]
[pixel-template.blogspot.com/ABCDEFGHIJKLMNOPQRSTUVWXYZabcdefghijklmnopqrstuvwxyz0123456789+/index.html]
[pixel-template.blogspot.com/restserver.d2.delayed]
[connect.facebook.net/en_US/sdk.js]
[connect.facebook.net/en_GB/sdk.js]
[pixel-template.blogspot.com/vi/index.html]
[pixel-template.blogspot.com/p/owl.video.play.html]
[pixel-template.blogspot.com/p/[Mega Menu].html]
[pixel-template.blogspot.com/p/documentationcafb.html]
[pixel-template.blogspot.com/p/documentation3fe0.html]
[pixel-template.blogspot.com/p/documentation2dc0.html]
[www.google.com/js/bg/U8qjOiTXUYJOJAHNHT2_stZA9gn0LSR8wP4gOA7_kmU.js]
[pixel-template.blogspot.com/b/csib751.js]
[pixel-template.blogspot.com/p/documentation62f0.html]
[pixel-template.blogspot.com/p/documentatione682.html]
[pixel-template.blogspot.com/p/documentatione479.html]
[pixel-template.blogspot.com/p/documentation4836.html]
[pixel-template.blogspot.com/p/documentation041c.html]
[pixel-template.blogspot.com/p/hqdefault.html]
[pixel-template.blogspot.com/p/default.html]
[pixel-template.blogspot.com/2017/11/owl.video.play.html]
[pixel-template.blogspot.com/2017/11/[Mega Menu].html]
[pixel-template.blogspot.com/2017/11/arcitectures-are-ones-crafting-tommarow7a81.html]
[pixel-template.blogspot.com/2017/11/arcitectures-are-ones-crafting-tommarow6020.html]
[pixel-template.blogspot.com/2017/11/arcitectures-are-ones-crafting-tommarowed25.html]
[pixel-template.blogspot.com/2017/11/arcitectures-are-ones-crafting-tommarow12f5.html]
[pixel-template.blogspot.com/2017/11/hqdefault.html]
[pixel-template.blogspot.com/2017/11/default.html]
[pixel-template.blogspot.com/2017/11/everyone-wants-to-achieve-sky7610.html]
[pixel-template.blogspot.com/2017/11/everyone-wants-to-achieve-sky416e.html]
[pixel-template.blogspot.com/2017/11/everyone-wants-to-achieve-sky9b1c.html]
[pixel-template.blogspot.com/2017/11/everyone-wants-to-achieve-sky8f72.html]
[pixel-template.blogspot.com/2017/11/everyone-wants-to-achieve-sky45fa.html]
[pixel-template.blogspot.com/2017/11/everyone-wants-to-achieve-sky818f.html]
[pixel-template.blogspot.com/2017/11/everyone-wants-to-achieve-sky8e12.html]
[pixel-template.blogspot.com/2017/11/everyone-wants-to-achieve-sky8844.html]
[pixel-template.blogspot.com/2017/11/everyone-wants-to-achieve-skybee7.html]
[pixel-template.blogspot.com/2017/11/everyone-wants-to-achieve-sky2235.html]
[pixel-template.blogspot.com/2017/11/everyone-wants-to-achieve-skycdcd.html]
[pixel-template.blogspot.com/2017/11/everyone-wants-to-achieve-skye412.html]
[pixel-template.blogspot.com/2017/11/everyone-wants-to-achieve-sky2a4c.html]
[pixel-template.blogspot.com/2017/11/everyone-wants-to-achieve-sky9850.html]
[pixel-template.blogspot.com/2017/11/everyone-wants-to-achieve-sky4a0e.html]
[pixel-template.blogspot.com/2017/11/everyone-wants-to-achieve-skycb76.html]
[pixel-template.blogspot.com/2017/11/everyone-wants-to-achieve-sky186a.html]
[pixel-template.blogspot.com/2017/11/everyone-wants-to-achieve-skya0a2.html]
[pixel-template.blogspot.com/2017/11/perfect-view-makes-everyday-beautifulbae2.html]
[pixel-template.blogspot.com/2017/11/perfect-view-makes-everyday-beautiful6a29.html]
[pixel-template.blogspot.com/2017/11/perfect-view-makes-everyday-beautifulb275.html]
[pixel-template.blogspot.com/2017/11/perfect-view-makes-everyday-beautiful8f2f.html]
[pixel-template.blogspot.com/2017/11/modelling-is-new-way8b2f.html]
[pixel-template.blogspot.com/2017/11/modelling-is-new-wayd2ff.html]
[pixel-template.blogspot.com/2017/11/modelling-is-new-way8d05.html]
[pixel-template.blogspot.com/2017/11/if-you-are-dedicated-sky-is-limit34da.html]
[pixel-template.blogspot.com/2017/11/if-you-are-dedicated-sky-is-limit949b.html]
[pixel-template.blogspot.com/feeds/7543355228483981957/comments/default]
[pixel-template.blogspot.com/2017/11/mountains-are-always-best-they-stand.html]
[pixel-template.blogspot.com/feeds/4696779809411391167/comments/default]
[pixel-template.blogspot.com/2017/11/travelling-with-friends-is-real-pleasure.html]
[pixel-template.blogspot.com/feeds/6303756465862804051/comments/default]
[pixel-template.blogspot.com/2017/11/cities-arer-dream-towards-latest.html]
[pixel-template.blogspot.com/2017/11/cities-arer-dream-towards-latest4744.html]
[pixel-template.blogspot.com/feeds/9141080872338166328/comments/default]
[pixel-template.blogspot.com/2017/11/flowers-and-beauty-all-lies-together.html]
[pixel-template.blogspot.com/feeds/3172987647241659218/comments/default]
[pixel-template.blogspot.com/2017/11/life-is-ment-to-try-something-new.html]
[pixel-template.blogspot.com/feeds/4335495480591331286/comments/default]
[pixel-template.blogspot.com/2017/11/happiness-is-everywhere-just-change-look.html]
[pixel-template.blogspot.com/search25d8.html]
[pixel-template.blogspot.com/search794e.html]
[pixel-template.blogspot.com/2017/11/time-is-best-until-you-own-itba2b.html]
[pixel-template.blogspot.com/2017/11/time-is-best-until-you-own-it0a59.html]
[pixel-template.blogspot.com/2017/11/time-is-best-until-you-own-it5752.html]
[pixel-template.blogspot.com/searcha992.html]
[pixel-template.blogspot.com/feeds/4429407217003355483/comments/default]
[pixel-template.blogspot.com/2017/11/job-fills-pockets-adventure-fills-soul.html]
[pixel-template.blogspot.com/feeds/9004834443146122619/comments/default]
[pixel-template.blogspot.com/2017/11/frozen-world-makes-it-silent.html]
[pixel-template.blogspot.com/feeds/2050513014393977159/comments/default]
[pixel-template.blogspot.com/2017/11/sky-is-best-place-to-dream.html]
[pixel-template.blogspot.com/feeds/1762028671499048912/comments/default]
[pixel-template.blogspot.com/2017/11/sea-and-beauty-word.html]
[pixel-template.blogspot.com/feeds/7864822066434820753/comments/default]
[pixel-template.blogspot.com/2017/11/bigining-of-tour-is-always-awesome.html]
[pixel-template.blogspot.com/feeds/6353761374878318217/comments/default]
[pixel-template.blogspot.com/2017/11/japan-is-awesome-country-to-travel.html]
[pixel-template.blogspot.com/feeds/8437977129140064057/comments/default]
[pixel-template.blogspot.com/2017/11/the-miracle-like-never-before.html]
[pixel-template.blogspot.com/feeds/5301460391320551660/comments/default]
[pixel-template.blogspot.com/2017/11/it-is-still-standing-firm.html]
[pixel-template.blogspot.com/feeds/7706596183626705387/comments/default]
[pixel-template.blogspot.com/2017/11/mountains-are-way-standing-firm.html]
[pixel-template.blogspot.com/search/label/owl.video.play.html]
[pixel-template.blogspot.com/search/label/[Mega Menu].html]
[pixel-template.blogspot.com/search/label/building202e.html]
[pixel-template.blogspot.com/search/label/hqdefault.html]
[pixel-template.blogspot.com/search/label/default.html]
[pixel-template.blogspot.com/search/label/Mega Menuf81a.html]
[pixel-template.blogspot.com/search.html]
[pixel-template.blogspot.com/searchf81a.html]
[pixel-template.blogspot.com/ABCDEFGHIJKLMNOPQRSTUVWXYZabcdefghijklmnopqrstuvwxyz0123456789+/index.html]
[pixel-template.blogspot.com/^([^_/indexd41d.html]
[pixel-template.blogspot.com/restserver.html]
[pixel-template.blogspot.com/2017/11/cities-arer-dream-towards-latest4744.html]
[pixel-template.blogspot.com/search/label/Mega Menu3573.html]
[pixel-template.blogspot.com/search25d8.html]
[pixel-template.blogspot.com/search4a47.html]
[pixel-template.blogspot.com/searcha992.html]
[pixel-template.blogspot.com/search/label/Mega Menu3573.html]
[pixel-template.blogspot.com/search79d9.html]
[pixel-template.blogspot.com/search4a47.html]
[pixel-template.blogspot.com/searche51d.html]
[pixel-template.blogspot.com/search79d9.html]
[pixel-template.blogspot.com/searche51d.html]
[pixel-template.blogspot.com/search1780.html]
[pixel-template.blogspot.com/search1780.html]
